// Jest Snapshot v1, https://goo.gl/fbAQLP

exports[`Test for NewsItemt should render correctly 1`] = `
<div
  className="news-item"
>
  <a
    className="news-item-title"
    href="http://google.com.br"
  >
    mock title
  </a>
  <div
    className="news-item-date"
  >
    23/05/2018
  </div>
  <div
    className="news-item-source"
  >
    Mock
  </div>
</div>
`;
